Perfect! I have successfully reinitialized the Work Status Markers for the `02-virtual-dom.md` file. Here's what was done:

## Summary

**File**: `public/content/ko/react-core-concepts/01-react-basics/02-virtual-dom.md`

### Changes Made:

1. **Verified Frontmatter**: The existing frontmatter matches the metadata from `category.yaml` for topic `02-virtual-dom`:
   - id: 02-virtual-dom
   - title: Virtual DOM은 어떻게 작동할까?
   - description: Virtual DOM의 작동 원리를 이해하고 실제 DOM과의 차이점을 통해 React의 성능 향상 메커니즘을 학습합니다
   - difficulty: beginner
   - estimatedTime: 15 minutes
   - Tags: Virtual DOM, DOM, 성능, 렌더링

2. **Updated Work Status Markers**:
   - **CURRENT_AGENT**: overview-writer (ready for content generation)
   - **STATUS**: PENDING (waiting for overview-writer to start)
   - **STARTED**: 2025-10-18T15:30:00+09:00 (preserved from original)
   - **UPDATED**: 2025-10-18T19:37:46+09:00 (current timestamp)
   - **HANDOFF LOG**: Added new entry:
     ```
     [START] pipeline | Reinitialized by content-initiator | 2025-10-18T19:37:46+09:00
     ```

3. **Verification**: All Korean characters (한글) are displaying correctly with proper UTF-8 encoding.

The file is now ready for the content generation pipeline. The `overview-writer` agent can proceed to start creating the Overview section.
