Perfect! The file has been successfully initialized with UTF-8 encoding. Let me provide a summary of what was accomplished:

## Work Status Markers Initialization Complete ✓

The **02-virtual-dom.md** file has been successfully initialized by the content-initiator agent with the following results:

### File Information
- **Path**: `public/content/ko/react-core-concepts/01-react-basics/02-virtual-dom.md`
- **Encoding**: UTF-8 ✓
- **Status**: Ready for content generation pipeline

### Frontmatter Generated
From `category.yaml` metadata:
- **ID**: 02-virtual-dom
- **Title**: Virtual DOM은 어떻게 작동할까?
- **Description**: Virtual DOM의 작동 원리를 이해하고 실제 DOM과의 차이점을 통해 React의 성능 향상 메커니즘을 학습합니다
- **Difficulty**: beginner
- **Estimated Time**: 15 minutes
- **Tags**: Virtual DOM, DOM, 성능, 렌더링

### Work Status Markers Initialized
- **CURRENT_AGENT**: overview-writer (next in pipeline)
- **STATUS**: PENDING (ready for overview-writer)
- **STARTED**: 2025-10-18T14:30:00+09:00
- **UPDATED**: 2025-10-18T14:30:00+09:00
- **HANDOFF LOG**: `[START] pipeline | Content generation started`

### Verification Checklist ✓
- [x] File exists at target path
- [x] Frontmatter is valid YAML with all metadata
- [x] Work Status Markers immediately follow frontmatter
- [x] CURRENT_AGENT set to overview-writer
- [x] STATUS set to PENDING
- [x] Timestamps in ISO 8601 format with timezone
- [x] HANDOFF LOG contains [START] entry
- [x] UTF-8 encoding verified (all Korean characters display correctly)
- [x] Auto-generation comment present in frontmatter

The file is now ready for the **overview-writer** agent to begin the content generation process.
