Perfect! I've successfully reinitialized the Work Status Markers for the `02-virtual-dom` topic. Here's what was done:

## Work Status Markers Initialization Complete

**File**: `public/content/ko/react-core-concepts/01-react-basics/02-virtual-dom.md`

### Changes Made:
1. **Preserved original STARTED timestamp**: `2025-10-18T15:30:00+09:00` (from the first pipeline initialization)
2. **Updated UPDATED timestamp**: `2025-10-18T10:33:54+09:00` (current time)
3. **Added restart entry to HANDOFF LOG**: `[START] pipeline | Reinitialized by content-initiator | 2025-10-18T10:33:54+09:00`

### Current Work Status Markers:
- **CURRENT_AGENT**: `overview-writer` (ready for the next agent to start)
- **STATUS**: `PENDING` (waiting for overview-writer to begin)
- **STARTED**: `2025-10-18T15:30:00+09:00` (original start time preserved)
- **UPDATED**: `2025-10-18T10:33:54+09:00` (just updated)

### Verification Checklist:
- ✅ Frontmatter exists and matches category.yaml metadata
- ✅ Work Status Markers exist immediately after frontmatter
- ✅ CURRENT_AGENT is set to `overview-writer`
- ✅ STATUS is set to `PENDING`
- ✅ STARTED timestamp preserved from original initialization
- ✅ UPDATED timestamp is current
- ✅ HANDOFF LOG contains all restart events
- ✅ All Korean characters displayed correctly (UTF-8)

The file is now ready for the `overview-writer` agent to begin content generation for the Virtual DOM topic.
